[    0.000000] Linux version 4.15.0-66-generic (buildd@lgw01-amd64-044) (gcc version 7.4.0 (Ubuntu 7.4.0-1ubuntu1~18.04.1)) #75-Ubuntu SMP Tue Oct 1 05:24:09 UTC 2019 (Ubuntu 4.15.0-66.75-generic 4.15.18)
[    0.000000] Command line: BOOT_IMAGE=/boot/vmlinuz-4.15.0-66-generic root=UUID=c02109eb-aaf8-4e91-a745-4f0acf6e8c1a ro console=tty1 console=ttyS0
[    0.000000] KERNEL supported cpus:
[    0.000000]   Intel GenuineIntel
[    0.000000]   AMD AuthenticAMD
[    0.000000]   Centaur CentaurHauls
[    0.000000] x86/fpu: Supporting XSAVE feature 0x001: 'x87 floating point registers'
[    0.000000] x86/fpu: Supporting XSAVE feature 0x002: 'SSE registers'
[    0.000000] x86/fpu: Supporting XSAVE feature 0x004: 'AVX registers'
[    0.000000] x86/fpu: xstate_offset[2]:  576, xstate_sizes[2]:  256
[    0.000000] x86/fpu: Enabled xstate features 0x7, context size is 832 bytes, using 'standard' format.
[    0.000000] e820: BIOS-provided physical RAM map:
[    0.000000] BIOS-e820: [mem 0x0000000000000000-0x000000000009fbff] usable
[    0.000000] BIOS-e820: [mem 0x000000000009fc00-0x000000000009ffff] reserved
[    0.000000] BIOS-e820: [mem 0x00000000000f0000-0x00000000000fffff] reserved
[    0.000000] BIOS-e820: [mem 0x0000000000100000-0x000000003ffeffff] usable
[    0.000000] BIOS-e820: [mem 0x000000003fff0000-0x000000003fffffff] ACPI data
[    0.000000] BIOS-e820: [mem 0x00000000fec00000-0x00000000fec00fff] reserved
[    0.000000] BIOS-e820: [mem 0x00000000fee00000-0x00000000fee00fff] reserved
[    0.000000] BIOS-e820: [mem 0x00000000fffc0000-0x00000000ffffffff] reserved
[    0.000000] NX (Execute Disable) protection: active
[    0.000000] SMBIOS 2.5 present.
[    0.000000] DMI: innotek GmbH VirtualBox/VirtualBox, BIOS VirtualBox 12/01/2006
[    0.000000] Hypervisor detected: KVM
[    0.000000] e820: last_pfn = 0x3fff0 max_arch_pfn = 0x400000000
[    0.000000] MTRR: Disabled
[    0.000000] x86/PAT: MTRRs disabled, skipping PAT initialization too.
[    0.000000] CPU MTRRs all blank - virtualized system.
[    0.000000] x86/PAT: Configuration [0-7]: WB  WT  UC- UC  WB  WT  UC- UC  
[    0.000000] found SMP MP-table at [mem 0x0009fff0-0x0009ffff]
[    0.000000] Scanning 1 areas for low memory corruption
[    0.000000] RAMDISK: [mem 0x35981000-0x36cb7fff]
[    0.000000] ACPI: Early table checksum verification disabled
[    0.000000] ACPI: RSDP 0x00000000000E0000 000024 (v02 VBOX  )
[    0.000000] ACPI: XSDT 0x000000003FFF0030 00003C (v01 VBOX   VBOXXSDT 00000001 ASL  00000061)
[    0.000000] ACPI: FACP 0x000000003FFF00F0 0000F4 (v04 VBOX   VBOXFACP 00000001 ASL  00000061)
[    0.000000] ACPI: DSDT 0x000000003FFF0470 0022EA (v02 VBOX   VBOXBIOS 00000002 INTL 20100528)
[    0.000000] ACPI: FACS 0x000000003FFF0200 000040
[    0.000000] ACPI: FACS 0x000000003FFF0200 000040
[    0.000000] ACPI: APIC 0x000000003FFF0240 00005C (v02 VBOX   VBOXAPIC 00000001 ASL  00000061)
[    0.000000] ACPI: SSDT 0x000000003FFF02A0 0001CC (v01 VBOX   VBOXCPUT 00000002 INTL 20100528)
[    0.000000] No NUMA configuration found
[    0.000000] Faking a node at [mem 0x0000000000000000-0x000000003ffeffff]
[    0.000000] NODE_DATA(0) allocated [mem 0x3ffc5000-0x3ffeffff]
[    0.000000] kvm-clock: cpu 0, msr 0:3ff44001, primary cpu clock
[    0.000000] kvm-clock: Using msrs 4b564d01 and 4b564d00
[    0.000000] kvm-clock: using sched offset of 4974456187 cycles
[    0.000000] clocksource: kvm-clock: mask: 0xffffffffffffffff max_cycles: 0x1cd42e4dffb, max_idle_ns: 881590591483 ns
[    0.000000] Zone ranges:
[    0.000000]   DMA      [mem 0x0000000000001000-0x0000000000ffffff]
[    0.000000]   DMA32    [mem 0x0000000001000000-0x000000003ffeffff]
[    0.000000]   Normal   empty
[    0.000000]   Device   empty
[    0.000000] Movable zone start for each node
[    0.000000] Early memory node ranges
[    0.000000]   node   0: [mem 0x0000000000001000-0x000000000009efff]
[    0.000000]   node   0: [mem 0x0000000000100000-0x000000003ffeffff]
[    0.000000] Reserved but unavailable: 98 pages
[    0.000000] Initmem setup node 0 [mem 0x0000000000001000-0x000000003ffeffff]
[    0.000000] ACPI: PM-Timer IO Port: 0x4008
[    0.000000] IOAPIC[0]: apic_id 2, version 32, address 0xfec00000, GSI 0-23
[    0.000000] ACPI: INT_SRC_OVR (bus 0 bus_irq 0 global_irq 2 dfl dfl)
[    0.000000] ACPI: INT_SRC_OVR (bus 0 bus_irq 9 global_irq 9 low level)
[    0.000000] Using ACPI (MADT) for SMP configuration information
[    0.000000] smpboot: Allowing 2 CPUs, 0 hotplug CPUs
[    0.000000] PM: Registered nosave memory: [mem 0x00000000-0x00000fff]
[    0.000000] PM: Registered nosave memory: [mem 0x0009f000-0x0009ffff]
[    0.000000] PM: Registered nosave memory: [mem 0x000a0000-0x000effff]
[    0.000000] PM: Registered nosave memory: [mem 0x000f0000-0x000fffff]
[    0.000000] e820: [mem 0x40000000-0xfebfffff] available for PCI devices
[    0.000000] Booting paravirtualized kernel on KVM
[    0.000000] clocksource: refined-jiffies: mask: 0xffffffff max_cycles: 0xffffffff, max_idle_ns: 7645519600211568 ns
[    0.000000] random: get_random_bytes called from start_kernel+0x99/0x4fd with crng_init=0
[    0.000000] setup_percpu: NR_CPUS:8192 nr_cpumask_bits:2 nr_cpu_ids:2 nr_node_ids:1
[    0.000000] percpu: Embedded 46 pages/cpu s151552 r8192 d28672 u1048576
[    0.000000] PV qspinlock hash table entries: 256 (order: 0, 4096 bytes)
[    0.000000] Built 1 zonelists, mobility grouping on.  Total pages: 257913
[    0.000000] Policy zone: DMA32
[    0.000000] Kernel command line: BOOT_IMAGE=/boot/vmlinuz-4.15.0-66-generic root=UUID=c02109eb-aaf8-4e91-a745-4f0acf6e8c1a ro console=tty1 console=ttyS0
[    0.000000] Memory: 982904K/1048120K available (12300K kernel code, 2481K rwdata, 4260K rodata, 2436K init, 2388K bss, 65216K reserved, 0K cma-reserved)
[    0.000000] SLUB: HWalign=64, Order=0-3, MinObjects=0, CPUs=2, Nodes=1
[    0.000000] Kernel/User page tables isolation: enabled
[    0.000000] ftrace: allocating 39306 entries in 154 pages
[    0.004000] Hierarchical RCU implementation.
[    0.004000] 	RCU restricting CPUs from NR_CPUS=8192 to nr_cpu_ids=2.
[    0.004000] 	Tasks RCU enabled.
[    0.004000] RCU: Adjusting geometry for rcu_fanout_leaf=16, nr_cpu_ids=2
[    0.004000] NR_IRQS: 524544, nr_irqs: 440, preallocated irqs: 16
[    0.004000] Console: colour VGA+ 80x25
[    0.004000] console [tty1] enabled
[    0.004000] console [ttyS0] enabled
[    0.004000] ACPI: Core revision 20170831
[    0.004000] ACPI: 2 ACPI AML tables successfully acquired and loaded
[    0.004000] APIC: Switch to symmetric I/O mode setup
[    0.004000] x2apic enabled
[    0.004000] Switched APIC routing to physical x2apic.
[    0.005104] ..TIMER: vector=0x30 apic1=0 pin1=2 apic2=-1 pin2=-1
[    0.008003] tsc: Detected 1607.999 MHz processor
[    0.012012] Calibrating delay loop (skipped) preset value.. 3215.99 BogoMIPS (lpj=6431996)
[    0.016020] pid_max: default: 32768 minimum: 301
[    0.017653] Security Framework initialized
[    0.019090] Yama: becoming mindful.
[    0.020032] AppArmor: AppArmor initialized
[    0.023175] Dentry cache hash table entries: 131072 (order: 8, 1048576 bytes)
[    0.024070] Inode-cache hash table entries: 65536 (order: 7, 524288 bytes)
[    0.028019] Mount-cache hash table entries: 2048 (order: 2, 16384 bytes)
[    0.030076] Mountpoint-cache hash table entries: 2048 (order: 2, 16384 bytes)
[    0.032553] Last level iTLB entries: 4KB 64, 2MB 8, 4MB 8
[    0.034286] Last level dTLB entries: 4KB 64, 2MB 0, 4MB 0, 1GB 4
[    0.036006] Spectre V1 : Mitigation: usercopy/swapgs barriers and __user pointer sanitization
[    0.038472] Spectre V2 : Mitigation: Full generic retpoline
[    0.040003] Spectre V2 : Spectre v2 / SpectreRSB mitigation: Filling RSB on context switch
[    0.041926] Speculative Store Bypass: Vulnerable
[    0.044048] MDS: Vulnerable: Clear CPU buffers attempted, no microcode
[    0.045837] Freeing SMP alternatives memory: 36K
[    0.157357] smpboot: CPU0: Intel(R) Core(TM) i5-8210Y CPU @ 1.60GHz (family: 0x6, model: 0x8e, stepping: 0x9)
[    0.160088] Performance Events: unsupported p6 CPU model 142 no PMU driver, software events only.
[    0.163290] Hierarchical SRCU implementation.
[    0.164721] NMI watchdog: Perf event create on CPU 0 failed with -2
[    0.168005] NMI watchdog: Perf NMI watchdog permanently disabled
[    0.170471] smp: Bringing up secondary CPUs ...
[    0.172203] x86: Booting SMP configuration:
[    0.173588] .... node  #0, CPUs:      #1
[    0.004000] kvm-clock: cpu 1, msr 0:3ff44041, secondary cpu clock
[    0.179491] smp: Brought up 1 node, 2 CPUs
[    0.180014] smpboot: Max logical packages: 1
[    0.181874] smpboot: Total of 2 processors activated (6431.99 BogoMIPS)
[    0.184274] devtmpfs: initialized
[    0.185085] x86/mm: Memory block size: 128MB
[    0.188307] evm: security.selinux
[    0.189658] evm: security.SMACK64
[    0.192005] evm: security.SMACK64EXEC
[    0.193129] evm: security.SMACK64TRANSMUTE
[    0.194104] evm: security.SMACK64MMAP
[    0.195032] evm: security.apparmor
[    0.196008] evm: security.ima
[    0.200007] evm: security.capability
[    0.201233] clocksource: jiffies: mask: 0xffffffff max_cycles: 0xffffffff, max_idle_ns: 7645041785100000 ns
[    0.204016] futex hash table entries: 512 (order: 3, 32768 bytes)
[    0.209762] pinctrl core: initialized pinctrl subsystem
[    0.212172] RTC time:  2:28:09, date: 11/26/19
[    0.213942] NET: Registered protocol family 16
[    0.216089] audit: initializing netlink subsys (disabled)
[    0.217422] audit: type=2000 audit(1574735296.050:1): state=initialized audit_enabled=0 res=1
[    0.220064] cpuidle: using governor ladder
[    0.221386] cpuidle: using governor menu
[    0.222382] ACPI: bus type PCI registered
[    0.223354] acpiphp: ACPI Hot Plug PCI Controller Driver version: 0.5
[    0.224135] PCI: Using configuration type 1 for base access
[    0.228464] HugeTLB registered 2.00 MiB page size, pre-allocated 0 pages
[    0.232102] ACPI: Added _OSI(Module Device)
[    0.233493] ACPI: Added _OSI(Processor Device)
[    0.235327] ACPI: Added _OSI(3.0 _SCP Extensions)
[    0.236011] ACPI: Added _OSI(Processor Aggregator Device)
[    0.237541] ACPI: Added _OSI(Linux-Dell-Video)
[    0.238918] ACPI: Added _OSI(Linux-Lenovo-NV-HDMI-Audio)
[    0.240009] ACPI: Added _OSI(Linux-HPI-Hybrid-Graphics)
[    0.242052] ACPI: Executed 1 blocks of module-level executable AML code
[    0.249123] ACPI: Interpreter enabled
[    0.250542] ACPI: (supports S0 S5)
[    0.251382] ACPI: Using IOAPIC for interrupt routing
[    0.252308] PCI: Using host bridge windows from ACPI; if necessary, use "pci=nocrs" and report a bug
[    0.256242] ACPI: Enabled 2 GPEs in block 00 to 07
[    0.269113] ACPI: PCI Root Bridge [PCI0] (domain 0000 [bus 00-ff])
[    0.272011] acpi PNP0A03:00: _OSC: OS supports [ASPM ClockPM Segments MSI]
[    0.276279] acpi PNP0A03:00: _OSC: not requesting OS control; OS requires [ExtendedConfig ASPM ClockPM MSI]
[    0.280022] acpi PNP0A03:00: fail to add MMCONFIG information, can't access extended PCI configuration space under this bridge.
[    0.284000] PCI host bridge to bus 0000:00
[    0.284007] pci_bus 0000:00: root bus resource [io  0x0000-0x0cf7 window]
[    0.286042] pci_bus 0000:00: root bus resource [io  0x0d00-0xffff window]
[    0.288004] pci_bus 0000:00: root bus resource [mem 0x000a0000-0x000bffff window]
[    0.289743] pci_bus 0000:00: root bus resource [mem 0x40000000-0xfdffffff window]
[    0.292006] pci_bus 0000:00: root bus resource [bus 00-ff]
[    0.298906] pci 0000:00:01.1: legacy IDE quirk: reg 0x10: [io  0x01f0-0x01f7]
[    0.300012] pci 0000:00:01.1: legacy IDE quirk: reg 0x14: [io  0x03f6]
[    0.304008] pci 0000:00:01.1: legacy IDE quirk: reg 0x18: [io  0x0170-0x0177]
[    0.307039] pci 0000:00:01.1: legacy IDE quirk: reg 0x1c: [io  0x0376]
[    0.329788] pci 0000:00:07.0: quirk: [io  0x4000-0x403f] claimed by PIIX4 ACPI
[    0.332032] pci 0000:00:07.0: quirk: [io  0x4100-0x410f] claimed by PIIX4 SMB
[    0.345956] ACPI: PCI Interrupt Link [LNKA] (IRQs 5 9 10 *11)
[    0.348385] ACPI: PCI Interrupt Link [LNKB] (IRQs 5 9 *10 11)
[    0.350568] ACPI: PCI Interrupt Link [LNKC] (IRQs 5 *9 10 11)
[    0.352159] ACPI: PCI Interrupt Link [LNKD] (IRQs 5 9 10 *11)
[    0.353936] SCSI subsystem initialized
[    0.354992] pci 0000:00:02.0: vgaarb: setting as boot VGA device
[    0.354992] pci 0000:00:02.0: vgaarb: VGA device added: decodes=io+mem,owns=io+mem,locks=none
[    0.360025] pci 0000:00:02.0: vgaarb: bridge control possible
[    0.361381] vgaarb: loaded
[    0.362267] ACPI: bus type USB registered
[    0.364090] usbcore: registered new interface driver usbfs
[    0.366838] usbcore: registered new interface driver hub
[    0.368085] usbcore: registered new device driver usb
[    0.369916] EDAC MC: Ver: 3.0.0
[    0.372524] PCI: Using ACPI for IRQ routing
[    0.376308] NetLabel: Initializing
[    0.378458] NetLabel:  domain hash size = 128
[    0.380007] NetLabel:  protocols = UNLABELED CIPSOv4 CALIPSO
[    0.382548] NetLabel:  unlabeled traffic allowed by default
[    0.384285] clocksource: Switched to clocksource kvm-clock
[    0.405016] VFS: Disk quotas dquot_6.6.0
[    0.406600] VFS: Dquot-cache hash table entries: 512 (order 0, 4096 bytes)
[    0.410061] AppArmor: AppArmor Filesystem Enabled
[    0.411954] pnp: PnP ACPI init
[    0.414705] pnp: PnP ACPI: found 3 devices
[    0.425693] clocksource: acpi_pm: mask: 0xffffff max_cycles: 0xffffff, max_idle_ns: 2085701024 ns
[    0.429065] NET: Registered protocol family 2
[    0.430677] TCP established hash table entries: 8192 (order: 4, 65536 bytes)
[    0.432886] TCP bind hash table entries: 8192 (order: 5, 131072 bytes)
[    0.436832] TCP: Hash tables configured (established 8192 bind 8192)
[    0.439094] UDP hash table entries: 512 (order: 2, 16384 bytes)
[    0.441136] UDP-Lite hash table entries: 512 (order: 2, 16384 bytes)
[    0.443078] NET: Registered protocol family 1
[    0.444495] pci 0000:00:00.0: Limiting direct PCI/PCI transfers
[    0.446043] pci 0000:00:01.0: Activating ISA DMA hang workarounds
[    0.447747] pci 0000:00:02.0: Video device with shadowed ROM at [mem 0x000c0000-0x000dffff]
[    0.450004] Unpacking initramfs...
[    1.012190] Freeing initrd memory: 19676K
[    1.013847] clocksource: tsc: mask: 0xffffffffffffffff max_cycles: 0x172da94f0e2, max_idle_ns: 440795278248 ns
[    1.016659] platform rtc_cmos: registered platform RTC device (no PNP device found)
[    1.018865] Scanning for low memory corruption every 60 seconds
[    1.020968] Initialise system trusted keyrings
[    1.022039] Key type blacklist registered
[    1.023090] workingset: timestamp_bits=36 max_order=18 bucket_order=0
[    1.025660] zbud: loaded
[    1.026996] squashfs: version 4.0 (2009/01/31) Phillip Lougher
[    1.028871] fuse init (API version 7.26)
[    1.031999] Key type asymmetric registered
[    1.033065] Asymmetric key parser 'x509' registered
[    1.034732] Block layer SCSI generic (bsg) driver version 0.4 loaded (major 246)
[    1.037520] io scheduler noop registered
[    1.039029] io scheduler deadline registered
[    1.040076] io scheduler cfq registered (default)
[    1.042202] ACPI: AC Adapter [AC] (off-line)
[    1.043389] input: Power Button as /devices/LNXSYSTM:00/LNXPWRBN:00/input/input0
[    1.045337] ACPI: Power Button [PWRF]
[    1.046331] input: Sleep Button as /devices/LNXSYSTM:00/LNXSLPBN:00/input/input1
[    1.048657] ACPI: Sleep Button [SLPF]
[    1.051072] ACPI: Battery Slot [BAT0] (battery present)
[    1.052224] Serial: 8250/16550 driver, 32 ports, IRQ sharing enabled
[    1.075396] 00:02: ttyS0 at I/O 0x3f8 (irq = 4, base_baud = 115200) is a 16550A
[    1.079154] Linux agpgart interface v0.103
[    1.083690] loop: module loaded
[    1.085886] scsi host0: ata_piix
[    1.087387] scsi host1: ata_piix
[    1.088849] ata1: PATA max UDMA/33 cmd 0x1f0 ctl 0x3f6 bmdma 0xd000 irq 14
[    1.091410] ata2: PATA max UDMA/33 cmd 0x170 ctl 0x376 bmdma 0xd008 irq 15
[    1.093326] libphy: Fixed MDIO Bus: probed
[    1.095096] tun: Universal TUN/TAP device driver, 1.6
[    1.096823] PPP generic driver version 2.4.2
[    1.098005] ehci_hcd: USB 2.0 'Enhanced' Host Controller (EHCI) Driver
[    1.099793] ehci-pci: EHCI PCI platform driver
[    1.101163] ehci-platform: EHCI generic platform driver
[    1.102486] ohci_hcd: USB 1.1 'Open' Host Controller (OHCI) Driver
[    1.103900] ohci-pci: OHCI PCI platform driver
[    1.105087] ohci-platform: OHCI generic platform driver
[    1.106308] uhci_hcd: USB Universal Host Controller Interface driver
[    1.107820] i8042: PNP: PS/2 Controller [PNP0303:PS2K,PNP0f03:PS2M] at 0x60,0x64 irq 1,12
[    1.110322] serio: i8042 KBD port at 0x60,0x64 irq 1
[    1.111979] serio: i8042 AUX port at 0x60,0x64 irq 12
[    1.113268] mousedev: PS/2 mouse device common for all mice
[    1.114862] input: AT Translated Set 2 keyboard as /devices/platform/i8042/serio0/input/input2
[    1.117901] rtc_cmos rtc_cmos: rtc core: registered rtc_cmos as rtc0
[    1.119884] rtc_cmos rtc_cmos: alarms up to one day, 114 bytes nvram
[    1.121817] i2c /dev entries driver
[    1.122725] device-mapper: uevent: version 1.0.3
[    1.123928] device-mapper: ioctl: 4.37.0-ioctl (2017-09-20) initialised: dm-devel@redhat.com
[    1.126891] ledtrig-cpu: registered to indicate activity on CPUs
[    1.129999] NET: Registered protocol family 10
[    1.135028] Segment Routing with IPv6
[    1.136317] NET: Registered protocol family 17
[    1.137724] Key type dns_resolver registered
[    1.139397] mce: Using 0 MCE banks
[    1.140646] RAS: Correctable Errors collector initialized.
[    1.142033] sched_clock: Marking stable (1140625451, 0)->(1396474148, -255848697)
[    1.144370] registered taskstats version 1
[    1.145509] Loading compiled-in X.509 certificates
[    1.149325] Loaded X.509 cert 'Build time autogenerated kernel key: 01a66adcc10ca4ce7676a3458c33483b0e2b806e'
[    1.151630] zswap: loaded using pool lzo/zbud
[    1.157394] Key type big_key registered
[    1.158849] Key type trusted registered
[    1.162132] Key type encrypted registered
[    1.163112] AppArmor: AppArmor sha1 policy hashing enabled
[    1.164528] ima: No TPM chip found, activating TPM-bypass! (rc=-19)
[    1.166334] ima: Allocated hash algorithm: sha1
[    1.167645] evm: HMAC attrs: 0x1
[    1.168968]   Magic number: 11:121:461
[    1.170148] rtc_cmos rtc_cmos: setting system clock to 2019-11-26 02:28:10 UTC (1574735290)
[    1.172833] BIOS EDD facility v0.16 2004-Jun-25, 0 devices found
[    1.174534] EDD information not available.
[    1.262025] Freeing unused kernel image memory: 2436K
[    1.287645] Write protecting the kernel read-only data: 20480k
[    1.290919] Freeing unused kernel image memory: 2008K
[    1.294923] Freeing unused kernel image memory: 1884K
[    1.308218] x86/mm: Checked W+X mappings: passed, no W+X pages found.
[    1.311174] x86/mm: Checking user space page tables
[    1.318939] x86/mm: Checked W+X mappings: passed, no W+X pages found.
Loading, please wait...
starting version 237
[    1.442551] e1000: Intel(R) PRO/1000 Network Driver - version 7.3.21-k8-NAPI
[    1.445780] e1000: Copyright (c) 1999-2006 Intel Corporation.
[    1.455914] Fusion MPT base driver 3.04.20
[    1.458124] Copyright (c) 1999-2008 LSI Corporation
[    1.480186] Fusion MPT SPI Host driver 3.04.20
[    1.496532] AVX2 version of gcm_enc/dec engaged.
[    1.503631] AES CTR mode by8 optimization enabled
[    1.678312] input: ImExPS/2 Generic Explorer Mouse as /devices/platform/i8042/serio1/input/input4
[    1.967935] e1000 0000:00:03.0 eth0: (PCI:33MHz:32-bit) 02:a9:3e:be:bb:aa
[    1.981599] e1000 0000:00:03.0 eth0: Intel(R) PRO/1000 Network Connection
[    2.423230] e1000 0000:00:08.0 eth1: (PCI:33MHz:32-bit) 08:00:27:59:41:c2
[    2.425549] e1000 0000:00:08.0 eth1: Intel(R) PRO/1000 Network Connection
[    2.428354] e1000 0000:00:08.0 enp0s8: renamed from eth1
[    2.436211] mptbase: ioc0: Initiating bringup
[    2.455376] e1000 0000:00:03.0 enp0s3: renamed from eth0
[    2.549471] ioc0: LSI53C1030 A0: Capabilities={Initiator}
[    2.799450] scsi host2: ioc0: LSI53C1030 A0, FwRev=00000000h, Ports=1, MaxQ=256, IRQ=20
[    2.973898] scsi 2:0:0:0: Direct-Access     VBOX     HARDDISK         1.0  PQ: 0 ANSI: 5
[    3.018185] scsi target2:0:0: Beginning Domain Validation
[    3.021340] scsi target2:0:0: Domain Validation skipping write tests
[    3.023250] scsi target2:0:0: Ending Domain Validation
[    3.025093] scsi target2:0:0: asynchronous
[    3.027000] scsi 2:0:1:0: Direct-Access     VBOX     HARDDISK         1.0  PQ: 0 ANSI: 5
[    3.820084] scsi target2:0:1: Beginning Domain Validation
[    3.825979] random: fast init done
[    3.827587] scsi target2:0:1: Domain Validation skipping write tests
[    3.829547] scsi target2:0:1: Ending Domain Validation
[    3.831144] scsi target2:0:1: asynchronous
[    3.837251] random: systemd-udevd: uninitialized urandom read (16 bytes read)
[    3.839452] random: systemd-udevd: uninitialized urandom read (16 bytes read)
[    3.841307] random: systemd-udevd: uninitialized urandom read (16 bytes read)
[    3.843784] sd 2:0:0:0: [sda] 20971520 512-byte logical blocks: (10.7 GB/10.0 GiB)
[    3.847071] sd 2:0:0:0: [sda] Write Protect is off
[    3.848591] sd 2:0:0:0: Attached scsi generic sg0 type 0
[    3.850500] sd 2:0:0:0: [sda] Incomplete mode parameter data
[    3.852279] sd 2:0:0:0: [sda] Assuming drive cache: write through
[    3.855262] sd 2:0:1:0: [sdb] 20480 512-byte logical blocks: (10.5 MB/10.0 MiB)
[    3.857462]  sda: sda1
[    3.858056] sd 2:0:1:0: Attached scsi generic sg1 type 0
[    3.861578] sd 2:0:1:0: [sdb] Write Protect is off
[    3.862717] sd 2:0:0:0: [sda] Attached SCSI disk
[    3.865938] sd 2:0:1:0: [sdb] Incomplete mode parameter data
[    3.867530] sd 2:0:1:0: [sdb] Assuming drive cache: write through
[    3.872495] sd 2:0:1:0: [sdb] Attached SCSI disk
Begin: Loading essential drivers ... [    5.376547] raid6: sse2x1   gen()  7165 MB/s
[    5.424241] raid6: sse2x1   xor()  7430 MB/s
[    5.472565] raid6: sse2x2   gen() 14700 MB/s
[    5.520318] raid6: sse2x2   xor()  7927 MB/s
[    5.568239] raid6: sse2x4   gen() 14788 MB/s
[    5.616619] raid6: sse2x4   xor()  9129 MB/s
[    5.664374] raid6: avx2x1   gen() 20857 MB/s
[    5.712561] raid6: avx2x1   xor() 13526 MB/s
[    5.760088] raid6: avx2x2   gen() 27748 MB/s
[    5.808089] raid6: avx2x2   xor() 15817 MB/s
[    5.856267] raid6: avx2x4   gen() 26503 MB/s
[    5.904248] raid6: avx2x4   xor() 17388 MB/s
[    5.906246] raid6: using algorithm avx2x2 gen() 27748 MB/s
[    5.907769] raid6: .... xor() 15817 MB/s, rmw enabled
[    5.909092] raid6: using avx2x2 recovery algorithm
[    5.911610] xor: automatically using best checksumming function   avx       
[    5.915133] async_tx: api initialized (async)
done.
Begin: Running /scripts/init-premount ... done.
Begin: Mounting root file system ... Begin: Running /scripts/local-top ... done.
Begin: Running /scripts/local-premount ... [    5.958963] Btrfs loaded, crc32c=crc32c-intel
Scanning for Btrfs filesystems
done.
Warning: fsck not present, so skipping root file system
[    5.991877] EXT4-fs (sda1): INFO: recovery required on readonly filesystem
[    5.993930] EXT4-fs (sda1): write access will be enabled during recovery
[    6.217346] EXT4-fs (sda1): recovery complete
[    6.219398] EXT4-fs (sda1): mounted filesystem with ordered data mode. Opts: (null)
done.
Begin: Running /scripts/local-bottom ... done.
Begin: Running /scripts/init-bottom ... done.
[    6.479031] ip_tables: (C) 2000-2006 Netfilter Core Team
[    6.499034] systemd[1]: systemd 237 running in system mode. (+PAM +AUDIT +SELINUX +IMA +APPARMOR +SMACK +SYSVINIT +UTMP +LIBCRYPTSETUP +GCRYPT +GNUTLS +ACL +XZ +LZ4 +SECCOMP +BLKID +ELFUTILS +KMOD -IDN2 +IDN -PCRE2 default-hierarchy=hybrid)
[    6.506144] systemd[1]: Detected virtualization oracle.
[    6.508304] systemd[1]: Detected architecture x86-64.

Welcome to [1mUbuntu 18.04.3 LTS[0m!

[    6.523828] systemd[1]: Set hostname to <ubuntu-bionic>.
[    6.897942] systemd[1]: Reached target System Time Synchronized.
[[0;32m  OK  [0m] Reached target System Time Synchronized.
[    6.900828] systemd[1]: Set up automount Arbitrary Executable File Formats File System Automount Point.
[[0;32m  OK  [0m] Set up automount Arbitrary Executabâ€¦rmats File System Automount Point.
[    6.907425] systemd[1]: Created slice System Slice.
[[0;32m  OK  [0m] Created slice System Slice.
[    6.910284] systemd[1]: Created slice system-postgresql.slice.
[[0;32m  OK  [0m] Created slice system-postgresql.slice.
[    6.912924] systemd[1]: Listening on Journal Socket.
[[0;32m  OK  [0m] Listening on Journal Socket.
[    6.925918] systemd[1]: Starting Remount Root and Kernel File Systems...
         Starting Remount Root and Kernel File Systems...
         Starting Set the console keyboard layout...
         Mounting Kernel Debug File System...
[[0;32m  OK  [0m] Listening on LVM2 poll daemon socket.
[[0;32m  OK  [0m] Listening on udev Control Socket.
[[0;32m  OK  [0m] Listening on Device-mapper event daemon FIFOs.
[[0;32m  OK  [0m] Listening on /dev/initctl Compatibility Named Pipe.
[[0;32m  OK  [0m] Reached target User and Group Name Lookups.
[[0;32m  OK  [0m] Listening on udev Kernel Socket.
         Starting udev Coldplug all Devices...
[    6.977657] EXT4-fs (sda1): re-mounted. Opts: (null)
[[0;32m  OK  [0m] Created slice User and Session Slice.
[[0;32m  OK  [0m] Listening on LVM2 metadata daemon socket.
         Starting Load Kernel Modules...
[[0;32m  OK  [0m] Listening on Network Service Netlink Socket.
         Starting Uncomplicated firewall...
[[0;32m  OK  [0m] Listening on Journal Socket (/dev/log).
[[0;32m  OK  [0m] Listening on Syslog Socket.
         Mounting Huge Pages File System...
[[0;32m  OK  [0m] Reached target Slices.
         Starting Create list of required stâ€¦ce nodes for the current kernel...
[    7.021278] Loading iSCSI transport class v2.0-870.
[[0;32m  OK  [0m] Reached target Swap.
         Mounting POSIX Message Queue File System...
         Starting Monitoring of LVM2 mirrorsâ€¦ng dmeventd or progress polling...
[    7.033047] iscsi: registered transport (tcp)
[[0;32m  OK  [0m] Started Forward Password Requests to Wall Directory Watch.
[[0;32m  OK  [0m] Listening on Journal Audit Socket.
         Starting Journal Service...
[[0;32m  OK  [0m] Created slice system-serial\x2dgetty.slice.
[[0;32m  OK  [0m] Started Remount Root and Kernel File Systems.
[[0;32m  OK  [0m] Mounted Kernel Debug File System.
[[0;32m  OK  [0m] Mounted Huge Pages File System.
[[0;32m  OK  [0m] Mounted POSIX Message Queue File System.
[    7.136256] iscsi: registered transport (iser)
         Starting Load/Save Random Seed...
[[0;32m  OK  [0m] Started Load Kernel Modules.
[[0;32m  OK  [0m] Started Create list of required staâ€¦vice nodes for the current kernel.
[[0;32m  OK  [0m] Started Uncomplicated firewall.
[[0;32m  OK  [0m] Started udev Coldplug all Devices.
[[0;32m  OK  [0m] Started LVM2 metadata daemon.
         Starting Create Static Device Nodes in /dev...
         Mounting Kernel Configuration File System...
         Starting Apply Kernel Variables...
         Mounting FUSE Control File System...
[[0;32m  OK  [0m] Started Load/Save Random Seed.
[[0;32m  OK  [0m] Mounted Kernel Configuration File System.
[[0;32m  OK  [0m] Mounted FUSE Control File System.
[[0;32m  OK  [0m] Started Journal Service.
         Starting Flush Journal to Persistent Storage...
[[0;32m  OK  [0m] Started Create Static Device Nodes in /dev.
         Starting udev Kernel Device Manager...
[[0;32m  OK  [0m] Started Monitoring of LVM2 mirrors,â€¦sing dmeventd or progress polling.
[[0;32m  OK  [0m] Started udev Kernel Device Manager.
[[0;32m  OK  [0m] Started Apply Kernel Variables.
[[0;32m  OK  [0m] Started Flush Journal to Persistent Storage.
[[0;32m  OK  [0m] Found device /dev/ttyS0.
[[0;32m  OK  [0m] Listening on Load/Save RF Kill Switch Status /dev/rfkill Watch.
[[0;32m  OK  [0m] Started Set the console keyboard layout.
[[0;32m  OK  [0m] Started Dispatch Password Requests to Console Directory Watch.
[[0;32m  OK  [0m] Reached target Local Encrypted Volumes.
[[0;32m  OK  [0m] Reached target Local File Systems (Pre).
[[0;32m  OK  [0m] Reached target Local File Systems.
         Starting Create Volatile Files and Directories...
         Starting AppArmor initialization...
         Starting ebtables ruleset management...
         Starting Tell Plymouth To Write Out Runtime Data...
         Starting Set console font and keymap...
[[0;32m  OK  [0m] Started Tell Plymouth To Write Out Runtime Data.
[[0;32m  OK  [0m] Started Set console font and keymap.
[[0;32m  OK  [0m] Started Create Volatile Files and Directories.
         Starting Update UTMP about System Boot/Shutdown...
[[0;32m  OK  [0m] Started Update UTMP about System Boot/Shutdown.
[[0;32m  OK  [0m] Started ebtables ruleset management.
[[0;32m  OK  [0m] Started AppArmor initialization.
         Starting Initial cloud-init job (pre-networking)...
[   10.326920] cloud-init[736]: Cloud-init v. 19.1-1-gbaa47854-0ubuntu1~18.04.1 running 'init-local' at Tue, 26 Nov 2019 02:28:19 +0000. Up 10.07 seconds.
[[0;32m  OK  [0m] Started Initial cloud-init job (pre-networking).
[[0;32m  OK  [0m] Reached target Network (Pre).
         Starting Network Service...
[[0;32m  OK  [0m] Started Network Service.
         Starting Network Name Resolution...
         Starting Wait for Network to be Configured...
[[0;32m  OK  [0m] Started Network Name Resolution.
[[0;32m  OK  [0m] Reached target Host and Network Name Lookups.
[[0;32m  OK  [0m] Reached target Network.
[[0;32m  OK  [0m] Started Wait for Network to be Configured.
         Starting Initial cloud-init job (metadata service crawler)...
[   13.710060] cloud-init[844]: Cloud-init v. 19.1-1-gbaa47854-0ubuntu1~18.04.1 running 'init' at Tue, 26 Nov 2019 02:28:22 +0000. Up 13.26 seconds.
[   13.714060] cloud-init[844]: ci-info: ++++++++++++++++++++++++++++++++++++++Net device info+++++++++++++++++++++++++++++++++++++++
[   13.717933] cloud-init[844]: ci-info: +--------+------+-----------------------------+---------------+--------+-------------------+
[   13.722109] cloud-init[844]: ci-info: | Device |  Up  |           Address           |      Mask     | Scope  |     Hw-Address    |
[   13.725595] cloud-init[844]: ci-info: +--------+------+-----------------------------+---------------+--------+-------------------+
[   13.728890] cloud-init[844]: ci-info: | enp0s3 | True |          10.0.2.15          | 255.255.255.0 | global | 02:a9:3e:be:bb:aa |
[   13.743100] cloud-init[844]: ci-info: | enp0s3 | True |  fe80::a9:3eff:febe:bbaa/64 |       .       |  link  | 02:a9:3e:be:bb:aa |
[   13.746809] cloud-init[844]: ci-info: | enp0s8 | True |        192.168.33.10        | 255.255.255.0 | global | 08:00:27:59:41:c2 |
[   13.762093] cloud-init[844]: ci-info: | enp0s8 | True | fe80::a00:27ff:fe59:41c2/64 |       .       |  link  | 08:00:27:59:41:c2 |
[   13.767646] cloud-init[844]: ci-info: |   lo   | True |          127.0.0.1          |   255.0.0.0   |  host  |         .         |
[   13.779476] cloud-init[844]: ci-info: |   lo   | True |           ::1/128           |       .       |  host  |         .         |
[   13.783551] cloud-init[844]: ci-info: +--------+------+-----------------------------+---------------+--------+-------------------+
[   13.789805] cloud-init[844]: ci-info: +++++++++++++++++++++++++++++Route IPv4 info+++++++++++++++++++++++++++++
[   13.794840] cloud-init[844]: ci-info: +-------+--------------+----------+-----------------+-----------+-------+
[   13.800600] cloud-init[844]: ci-info: | Route | Destination  | Gateway  |     Genmask     | Interface | Flags |
[   13.808745] cloud-init[844]: ci-info: +-------+--------------+----------+-----------------+-----------+-------+
[   13.812601] cloud-init[844]: ci-info: |   0   |   0.0.0.0    | 10.0.2.2 |     0.0.0.0     |   enp0s3  |   UG  |
[   13.815770] cloud-init[844]: ci-info: |   1   |   10.0.2.0   | 0.0.0.0  |  255.255.255.0  |   enp0s3  |   U   |
[   13.819783] cloud-init[844]: ci-info: |   2   |   10.0.2.2   | 0.0.0.0  | 255.255.255.255 |   enp0s3  |   UH  |
[   13.823395] cloud-init[844]: ci-info: |   3   | 192.168.33.0 | 0.0.0.0  |  255.255.255.0  |   enp0s8  |   U   |
[   13.826489] cloud-init[844]: ci-info: +-------+--------------+----------+-----------------+-----------+-------+
[   13.830507] cloud-init[844]: ci-info: +++++++++++++++++++Route IPv6 info+++++++++++++++++++
[   13.832770] cloud-init[844]: ci-info: +-------+-------------+---------+-----------+-------+
[   13.835601] cloud-init[844]: ci-info: | Route | Destination | Gateway | Interface | Flags |
[   13.839762] cloud-init[844]: ci-info: +-------+-------------+---------+-----------+-------+
[   13.842098] cloud-init[844]: ci-info: |   1   |  fe80::/64  |    ::   |   enp0s8  |   U   |
[   13.845626] cloud-init[844]: ci-info: |   2   |  fe80::/64  |    ::   |   enp0s3  |   U   |
[   13.849077] cloud-init[844]: ci-info: |   4   |    local    |    ::   |   enp0s3  |   U   |
[   13.851143] cloud-init[844]: ci-info: |   5   |    local    |    ::   |   enp0s8  |   U   |
[   13.860393] cloud-init[844]: ci-info: |   6   |   ff00::/8  |    ::   |   enp0s8  |   U   |
[   13.877647] cloud-init[844]: ci-info: |   7   |   ff00::/8  |    ::   |   enp0s3  |   U   |
[   13.889556] cloud-init[844]: ci-info: +-------+-------------+---------+-----------+-------+
[[0;32m  OK  [0m] Started Initial cloud-init job (metadata service crawler).
[[0;32m  OK  [0m] Reached target Network is Online.
         Starting Availability of block devices...
[[0;32m  OK  [0m] Reached target Remote File Systems (Pre).
[[0;32m  OK  [0m] Reached target Remote File Systems.
[[0;32m  OK  [0m] Reached target Cloud-config availability.
[[0;32m  OK  [0m] Reached target System Initialization.
[[0;32m  OK  [0m] Listening on ACPID Listen Socket.
[[0;32m  OK  [0m] Listening on UUID daemon activation socket.
[[0;32m  OK  [0m] Started ACPI Events Check.
[[0;32m  OK  [0m] Reached target Paths.
[[0;32m  OK  [0m] Started Daily Cleanup of Temporary Directories.
         Starting LXD - unix socket.
         Starting Socket activation for snappy daemon.
[[0;32m  OK  [0m] Started Discard unused blocks once a week.
[[0;32m  OK  [0m] Listening on Open-iSCSI iscsid Socket.
[[0;32m  OK  [0m] Started Daily apt download activities.
[[0;32m  OK  [0m] Started Daily apt upgrade and clean activities.
[[0;32m  OK  [0m] Started Message of the Day.
[[0;32m  OK  [0m] Reached target Timers.
[[0;32m  OK  [0m] Listening on D-Bus System Message Bus Socket.
[[0;32m  OK  [0m] Started Availability of block devices.
[[0;32m  OK  [0m] Listening on LXD - unix socket.
[[0;32m  OK  [0m] Listening on Socket activation for snappy daemon.
[[0;32m  OK  [0m] Reached target Sockets.
[[0;32m  OK  [0m] Reached target Basic System.
         Starting PostgreSQL Cluster 10-main...
         Starting Permit User Sessions...
[[0;32m  OK  [0m] Started D-Bus System Message Bus.
         Starting Login Service...
         Starting LSB: Record successful boot for GRUB...
         Starting LSB: automatic crash report generation...
         Starting Resets System Activity Data Collector...
[[0;32m  OK  [0m] Started Deferred execution scheduler.
[[0;32m  OK  [0m] Started irqbalance daemon.
[[0;32m  OK  [0m] Started FUSE filesystem for LXC.
         Starting Accounts Service...
         Starting OpenBSD Secure Shell server...
         Starting vboxadd.service...
         Starting Snappy daemon...
         Starting System Logging Service...
[[0;32m  OK  [0m] Started Regular background program processing daemon.
         Starting Dispatcher daemon for systemd-networkd...
         Starting LXD - container startup/shutdown...
[[0;32m  OK  [0m] Started System Logging Service.
[[0;32m  OK  [0m] Started Permit User Sessions.
[[0;32m  OK  [0m] Started Resets System Activity Data Collector.
[[0;32m  OK  [0m] Started Login Service.
[[0;32m  OK  [0m] Started Unattended Upgrades Shutdown.
         Starting Terminate Plymouth Boot Screen...
         Starting Hold until boot process finishes up...
[[0;32m  OK  [0m] Started Hold until boot process finishes up.
         Starting Set console scheme...
[[0;32m  OK  [0m] Started Serial Getty on ttyS0.
[[0;32m  OK  [0m] Started Terminate Plymouth Boot Screen.
[[0;32m  OK  [0m] Started OpenBSD Secure Shell server.
[[0;32m  OK  [0m] Started Set console scheme.
[[0;32m  OK  [0m] Created slice system-getty.slice.
[[0;32m  OK  [0m] Started Getty on tty1.
[[0;32m  OK  [0m] Reached target Login Prompts.
         Starting Authorization Manager...
[[0;32m  OK  [0m] Started LSB: Record successful boot for GRUB.
[[0;32m  OK  [0m] Started LSB: automatic crash report generation.
[[0;32m  OK  [0m] Started Authorization Manager.
[[0;32m  OK  [0m] Started Accounts Service.
[[0;32m  OK  [0m] Created slice User Slice of vagrant.
         Starting User Manager for UID 1000...
[[0;32m  OK  [0m] Started Session 1 of user vagrant.
[[0;32m  OK  [0m] Started LXD - container startup/shutdown.
[[0;32m  OK  [0m] Started Dispatcher daemon for systemd-networkd.
[[0;32m  OK  [0m] Started Snappy daemon.
         Starting Wait until snapd is fully seeded...
[[0;32m  OK  [0m] Started Wait until snapd is fully seeded.
         Starting Apply the settings specified in cloud-config...
[[0;32m  OK  [0m] Started User Manager for UID 1000.
[   17.938017] cloud-init[1193]: Cloud-init v. 19.1-1-gbaa47854-0ubuntu1~18.04.1 running 'modules:config' at Tue, 26 Nov 2019 02:28:26 +0000. Up 17.39 seconds.
[[0;32m  OK  [0m] Started Apply the settings specified in cloud-config.
[[0;32m  OK  [0m] Started vboxadd.service.
         Starting vboxadd-service.service...
[[0;32m  OK  [0m] Started vboxadd-service.service.

Ubuntu 18.04.3 LTS ubuntu-bionic ttyS0

ubuntu-bionic login: [   22.070792] cloud-init[1502]: Cloud-init v. 19.1-1-gbaa47854-0ubuntu1~18.04.1 running 'modules:final' at Tue, 26 Nov 2019 02:28:31 +0000. Up 21.87 seconds.
[   22.075475] cloud-init[1502]: Cloud-init v. 19.1-1-gbaa47854-0ubuntu1~18.04.1 finished at Tue, 26 Nov 2019 02:28:31 +0000. Datasource DataSourceNoCloud [seed=/dev/sdb][dsmode=net].  Up 22.06 seconds
